Flutter crash report.
Please report a bug at https://github.com/flutter/flutter/issues.

## command

flutter run -d RZCY12PRLXR --dart-define=BASE_URL=http://localhost:3000 --dart-define=APP_API_KEY=change-me-to-a-long-random-string

## exception

SocketException: SocketException: Error event raised in event handler : error condition has been reset, port = 0

```
#0      _NativeSocket.multiplex (dart:io-patch/socket_patch.dart:1735:30)
#1      _RawReceivePort._handleMessage (dart:isolate-patch/isolate_patch.dart:192:12)
```

## flutter doctor

```
[✓] Flutter (Channel stable, 3.44.6, on Ubuntu 26.04 LTS 7.0.0-29-generic, locale en_US.UTF-8)
    [238ms]
    • Flutter version 3.44.6 on channel stable at /home/sudorabbit/flutter
    • Upstream repository https://github.com/flutter/flutter.git
    • Framework revision ee80f08bbf (6 weeks ago), 2026-07-08 15:02:06 -0700
    • Engine revision 83675ed276
    • Dart version 3.12.2
    • DevTools version 2.57.0
    • Feature flags: enable-web, enable-linux-desktop, enable-macos-desktop, enable-windows-desktop,
      enable-android, enable-ios, cli-animations, enable-native-assets,
      enable-swift-package-manager, omit-legacy-version-file, enable-lldb-debugging,
      enable-uiscene-migration

[!] Android toolchain - develop for Android devices (Android SDK version 36.0.0) [3.1s]
    • Android SDK at /home/sudorabbit/Android/Sdk
    • Emulator version unknown
    • Platform android-36, build-tools 36.0.0
    • ANDROID_HOME = /home/sudorabbit/Android/Sdk
    • Java binary at: /usr/lib/jvm/java-17-openjdk-amd64/bin/java
      This JDK is specified in your Flutter configuration.
      To change the current JDK, run: `flutter config --jdk-dir="path/to/jdk"`.
    • Java version OpenJDK Runtime Environment (build 17.0.19+10-1-26.04.2-Ubuntu)
    ✗ Android license status unknown.
      Run `flutter doctor --android-licenses` to accept the SDK licenses.
      See https://flutter.dev/to/linux-android-setup for more details.

[✗] Chrome - develop for the web (Cannot find Chrome executable at google-chrome) [247ms]
    ! Cannot find Chrome. Try setting CHROME_EXECUTABLE to a Chrome executable.

[✗] Linux toolchain - develop for Linux desktop [703ms]
    ✗ clang++ is required for Linux development.
      It is likely available from your distribution (e.g.: apt install clang), or can be downloaded
      from https://releases.llvm.org/
    • cmake version 4.2.3
    ✗ ninja is required for Linux development.
      It is likely available from your distribution (e.g.: apt install ninja-build), or can be
      downloaded from https://github.com/ninja-build/ninja/releases
    • pkg-config version 2.5.1
    ✗ GTK 3.0 development libraries are required for Linux development.
      They are likely available from your distribution (e.g.: apt install libgtk-3-dev)
    ! Unable to access driver information using 'eglinfo'.
      It is likely available from your distribution (e.g.: apt install mesa-utils)

[✓] Connected device (2 available) [808ms]
    • SM E156B (mobile) • RZCY12PRLXR • android-arm64 • Android 16 (API 36)
    • Linux (desktop)   • linux       • linux-x64     • Ubuntu 26.04 LTS 7.0.0-29-generic

[✓] Network resources [1,699ms]
    • All expected network resources are available.

! Doctor found issues in 3 categories.
```
